// Jest Snapshot v1, https://goo.gl/fbAQLP

exports[`<ProtectedRoute /> should render correctly 1`] = `"<div></div>"`;
