// Jest Snapshot v1, https://goo.gl/fbAQLP

exports[`<Register /> should render correctly 1`] = `"<div class=\\"container\\"><div class=\\"row\\"><form class=\\"col-4 my-5\\"><div class=\\"form-group-\\"><h4></h4><label for=\\"login-input\\">Login</label><input name=\\"login\\" type=\\"text\\" class=\\"form-control input-reg\\" id=\\"login-input\\" minlength=\\"8\\" aria-describedby=\\"loginHelp\\" placeholder=\\"Input login\\" value=\\"\\"><small id=\\"loginHelp\\" class=\\"form-text text-muted\\">We'll never share your login with anyone elseelse.</small></div><div class=\\"form-group\\"><label for=\\"input-password\\">Password</label><input name=\\"password\\" type=\\"password\\" class=\\"form-control input-reg\\" id=\\"input-password\\" minlength=\\"8\\" placeholder=\\"Input password\\" value=\\"\\"></div><div class=\\"form-check\\"><input type=\\"checkbox\\" class=\\"form-check-input\\" id=\\"exampleCheck1\\"><label class=\\"form-check-label\\" for=\\"exampleCheck1\\">Check out</label></div><button type=\\"submit\\" class=\\"btn btn-primary register my-3\\"></button></form></div></div>"`;
