// Jest Snapshot v1, https://goo.gl/fbAQLP

exports[`<LogIn /> should render correctly 1`] = `"<div class=\\"container\\"><div class=\\"row\\"><form class=\\"col-4 my-5 login-form\\" id=\\"login-form\\"><div class=\\"form-group\\"><label for=\\"login-input main\\">Login </label><input name=\\"login\\" type=\\"text\\" class=\\"form-control text-input\\" id=\\"login-input\\" minlength=\\"8\\" aria-describedby=\\"loginHelp\\" placeholder=\\"Input login\\" value=\\"\\"><small id=\\"loginHelp\\" class=\\"form-text text-muted\\">We'll never share your login with anyone else</small></div><div class=\\"form-group\\"><label for=\\"input-password main\\">Password</label><input name=\\"password\\" type=\\"password\\" class=\\"form-control text-input\\" id=\\"input-password\\" placeholder=\\"Input password\\" value=\\"\\"></div><div class=\\"form-check\\"><input type=\\"checkbox\\" class=\\"form-check-input \\" id=\\"exampleCheck1\\"><label class=\\"form-check-label\\" for=\\"exampleCheck1\\">Check out</label></div><button type=\\"submit\\" class=\\"btn btn-primary my-3\\" id=\\"btn-submit\\">Login</button><h6>Don\`t have an account?<a href=\\"/register\\"> Go to register page</a></h6></form></div></div>"`;
