// Jest Snapshot v1, https://goo.gl/fbAQLP

exports[`<Filter /> should render correctly 1`] = `"<div class=\\"md-form col-12 search-field\\"><input class=\\"form-control col-5 search-input my-2\\" type=\\"text\\" aria-label=\\"Search\\"></div>"`;
