// Jest Snapshot v1, https://goo.gl/fbAQLP

exports[`<MovieBox /> should render correctly 1`] = `"<div class=\\"container\\"><div class=\\"row\\"><div class=\\"card card-box col-12\\"><div class=\\"card-header movie-box_header my-3\\"><h2>The Shawshank Redemptoin</h2></div><div class=\\"card-body movie-box col-12\\"><div class=\\"movie-box_info\\"><div class=\\"movie-box_img\\"><img src=\\"https://upload.wikimedia.org/wikipedia/ru/thumb/d/de/Movie_poster_the_shawshank_redemption.jpg/240px-Movie_poster_the_shawshank_redemption.jpg\\" class=\\"rounded movie-box_image\\" alt=\\"poster\\"/></div><div class=\\"movie-details ml-3\\"><h5><b>Director:</b> Frank Darabont</h5><div><b>Actors: </b> <h4><a class=\\"link-actor\\" href=\\"/actor/1\\">Morgan Freeman</a></h4><h4><a class=\\"link-actor\\" href=\\"/actor/2\\">Bob Gunton</a></h4></div><h5><b>Genres: </b> Crime, Drama</h5><hr/><h5 class=\\"likes\\">Likes 22</h5><hr/></div></div><p class=\\"description\\" data-spy=\\"scroll\\"><b>Description:</b> Chronicles the experiences of </p></div><div class=\\"buttons_movie-box\\"><button class=\\"btn btn-info m-3\\">Edit</button><button class=\\"btn btn-danger m-3\\">Delete</button></div></div></div></div>"`;
